INFO: [2026-05-12 22:50:10] 服务器127.0.0.1已开启，开始监听端口: 7777
INFO: [2026-05-12 23:00:18] 服务器127.0.0.1已开启，开始监听端口: 7777
INFO: [2026-05-12 23:23:01] 用户连接：Client_1064已进入服务器
INFO: [2026-05-12 23:23:01] 用户zedlin发起了token登录请求
WARN: [2026-05-12 23:23:01] token已过期，用户zedlin请求token登录失败!
INFO: [2026-05-12 23:23:15] 用户zedlin发起了token登录请求
WARN: [2026-05-12 23:23:15] token已过期，用户zedlin请求token登录失败!
INFO: [2026-05-12 23:23:22] 用户zedlin发起了token登录请求
WARN: [2026-05-12 23:23:22] token已过期，用户zedlin请求token登录失败!
INFO: [2026-05-12 23:23:32] 用户zedlin发起了token登录请求
WARN: [2026-05-12 23:23:32] token已过期，用户zedlin请求token登录失败!
INFO: [2026-05-12 23:25:19] 用户连接：Client_1064已退出服务器
INFO: [2026-05-12 23:25:49] 用户连接：Client_1064已进入服务器
INFO: [2026-05-12 23:25:49] 用户zedlin发起了token登录请求
WARN: [2026-05-12 23:25:49] token已过期，用户zedlin请求token登录失败!
INFO: [2026-05-12 23:25:53] 用户zedlin发起了token登录请求
WARN: [2026-05-12 23:25:53] token已过期，用户zedlin请求token登录失败!
INFO: [2026-05-12 23:27:36] 用户连接：Client_1064已退出服务器
INFO: [2026-05-12 23:29:34] 用户连接：Client_1776已进入服务器
INFO: [2026-05-12 23:29:34] 用户zedlin发起了token登录请求
WARN: [2026-05-12 23:29:34] token已过期，用户zedlin请求token登录失败!
INFO: [2026-05-12 23:29:38] 用户zedlin发起了token登录请求
WARN: [2026-05-12 23:29:38] token已过期，用户zedlin请求token登录失败!
INFO: [2026-05-12 23:46:01] 用户连接：Client_1776已退出服务器
INFO: [2026-05-12 23:51:48] 用户连接：Client_2056已进入服务器
INFO: [2026-05-12 23:51:48] 用户zedlin发起了token登录请求
WARN: [2026-05-12 23:51:48] token已过期，用户zedlin请求token登录失败!
INFO: [2026-05-12 23:51:53] 用户zedlin发起了登录请求
INFO: [2026-05-12 23:51:53] 登录成功,用户zedlin上线了
INFO: [2026-05-12 23:54:18] 用户发起搜索请求，关键词：lu
INFO: [2026-05-12 23:55:16] 用户 [zedlin] 超时断开连接
INFO: [2026-05-12 23:55:38] 服务器127.0.0.1已开启，开始监听端口: 7777
INFO: [2026-05-12 23:55:38] 用户连接：Client_1412已进入服务器
INFO: [2026-05-12 23:55:38] 用户zedlin发起了token登录请求
INFO: [2026-05-12 23:55:39] 登录成功,用户zedlin上线了
INFO: [2026-05-12 23:55:48] 用户连接：Client_1988已进入服务器
INFO: [2026-05-12 23:55:48] 用户luna发起了token登录请求
WARN: [2026-05-12 23:55:48] token已过期，用户luna请求token登录失败!
INFO: [2026-05-12 23:55:56] 用户luna发起了登录请求
INFO: [2026-05-12 23:55:56] 登录成功,用户luna上线了
